≡ƒöæ Testing with API Key: AIzaSyD0...

≡ƒôí listing models...
Γ£à Models found:
[
  'gemini-2.5-flash',
  'gemini-2.5-pro',
  'gemini-2.0-flash-exp',
  'gemini-2.0-flash',
  'gemini-2.0-flash-001',
  'gemini-2.0-flash-exp-image-generation',
  'gemini-2.0-flash-lite-001',
  'gemini-2.0-flash-lite',
  'gemini-2.0-flash-lite-preview-02-05',
  'gemini-2.0-flash-lite-preview',
  'gemini-exp-1206',
  'gemini-2.5-flash-preview-tts',
  'gemini-2.5-pro-preview-tts',
  'gemini-flash-latest',
  'gemini-flash-lite-latest',
  'gemini-pro-latest',
  'gemini-2.5-flash-lite',
  'gemini-2.5-flash-image-preview',
  'gemini-2.5-flash-image',
  'gemini-2.5-flash-preview-09-2025',
  'gemini-2.5-flash-lite-preview-09-2025',
  'gemini-3-pro-preview',
  'gemini-3-flash-preview',
  'gemini-3-pro-image-preview',
  'gemini-robotics-er-1.5-preview',
  'gemini-2.5-computer-use-preview-10-2025',
  'gemini-embedding-exp-03-07',
  'gemini-embedding-exp',
  'gemini-embedding-001'
]

≡ƒº¬ Testing generation with gemini-2.5-flash...
Γ£à Generation SUCCESS!
Response: Hello! How can I help you today?
